// Jest Snapshot v1, https://goo.gl/fbAQLP

exports[`<Header /> renders <Header /> 1`] = `
.c1 {
  display: table-cell;
  margin: var(--spacing-none);
  font-weight: 600;
  line-height: 1;
}

.c0 {
  background-color: var(--near-black);
  color: var(--near-white);
  padding-left: var(--spacing-large);
  padding-right: var(--spacing-large);
  *zoom: 1;
  box-sizing: border-box;
  display: table;
  width: 100%;
}

.c2 {
  display: table-cell;
  text-align: right;
  margin: var(--spacing-none);
  line-height: 1.5;
}

<header
  className="c0"
>
  <h1
    className="c1"
  >
    Page Title
  </h1>
  <p
    className="c2"
  >
    an Apidura production
  </p>
</header>
`;
